 +---------------------------------------------------------------+
 |                                                               |
 |        ####### #     # ####### ####### ####### ######         |
 |        #     # ##    # #          #    #       #     #        |
 |        #     # # #   # #          #    #       #     #        |
 |        #     # #  #  # #####      #    #####   ######         |
 |        #     # #   # # #          #    #       #              |
 |        #     # #    ## #          #    #       #              |
 |        ####### #     # #######    #    ####### #              |
 |                                                               |
 |        Linear-Scaling Ab Initio Total Energy Program          |
 |                                                               |
 |          Release for academic collaborators of ODG            |
 |                                              Version 3.0      |
 |                                                               |
 +---------------------------------------------------------------+
 |                                                               |
 |  Authors:                                                     |
 |  Peter D. Haynes, Nicholas D. M. Hine, Arash. A. Mostofi,     |
 |  Mike C. Payne and Chris-Kriton Skylaris                      |
 |                                                               |
 |  Contributors:                                                |
 |  P. W. Avraam, S. J. Clark, O. Dieguez, S. M. M. Dubois,      |
 |  J. Dziedzic, H. H. Helal, Q. O. Hill, D. D. O`Regan,         |
 |  C. J. Pickard, M. I. J. Probert, L. Ratcliff, M. Robinson    |
 |  and A. Ruiz Serrano                                          |
 |                                                               |
 |                                   Copyright (c) 2004-2011     |
 |                                                               |
 |  Please cite:                                                 |
 |  "Introducing ONETEP: Linear-scaling density functional       |
 |   simulations on parallel computers".                         |
 |   C.-K. Skylaris, P. D. Haynes, A. A. Mostofi, M. C. Payne.   |
 |   J. Chem. Phys. 122 084119 (2005).                           |
 |                                                               |
 |          in all publications arising from your use of ONETEP. |
 |                                                               |
 +---------------------------------------------------------------+
 |                                                               |
 |   ONETEP is based on developments described in the following  |
 |   publications:                                               |
 |                                                               |
 |  "Nonorthogonal generalized Wannier function pseudopotential  |
 |   plane-wave method".                                         |
 |   C.-K. Skylaris, A. A. Mostofi, P. D. Haynes, O. Dieguez,    |
 |   M. C. Payne.                                                |
 |   Phys. Rev. B 66 035119 (2002).                              |
 |                                                               |
 |  "Preconditioned iterative minimization for linear-scaling    |
 |   electronic structure calculations".                         |
 |   A. A. Mostofi, P. D. Haynes, C.-K. Skylaris, M. C. Payne.   |
 |   J. Chem. Phys. 119(17), pp.8842-8848 (2003).                |
 |                                                               |
 |  "Total-energy calculations on a real space grid with         |
 |   localized functions and a plane-wave basis".                |
 |   A. A. Mostofi, C.-K. Skylaris, P. D. Haynes, M. C. Payne.   |
 |   Comput. Phys. Commun. 147, pp.788-802 (2002).               |
 |                                                               |
 |  "Accurate kinetic energy evaluation in electronic structure  |
 |   calculations with localized functions on real space grids"  |
 |   C.-K. Skylaris, A. A. Mostofi, P. D. Haynes, C. J. Pickard, |
 |   M. C. Payne.                                                |
 |   Comput. Phys. Commun. 140, pp.315-322 (2001).               |
 |                                                               |
 +---------------------------------------------------------------+

Job started: 27-05-2011 23:45 (+0100)

Running on     4 processors.

Reading parameters from file "FeCO3_Ueq6.dat" ...... done
Reading geometry and species blocks from file "FeCO3_Ueq6.dat" ...
  <species_atomic_set> block not found: NGWF initialisation set to AUTO
... done
-------------------------------------------------------------------------------
---------------------------- RUN-TIME PARAMETERS ------------------------------
-------------------------------------------------------------------------------
task                      : SINGLEPOINT *! Type of calculation (String)         
cutoffenergy              : 14.69959768981288       hartree *! Plane wave kinet 
kernelcutoff              : 1000.000000000000 *! Density kernel radius in Bohr  
xcfunctional              : LDA *! Exchange-correlation functional (String)     
libxcxfuncid              : 0 *! Functional identifier for which exchange funct 
libxccfuncid              : 0 *! Functional identifier for which correlation fu 
charge                    : 0.000000000000000 *! The total charge of the system 
spin                      : 2 *! Total spin of system (Integer)                 
spinpolarized             : T *! Switch for spin polarization (Boolean)         
spinpolarised             : T *! Switch for spin polarisation (Boolean)         
constantefield            : 0.0 0.0 0.0 *! Cartesian coordinates of constant el 
fftboxpref                : 0 0 0 *! Preferred FFT box dimensions (String)      
ppdnpoints                : 0 0 0 *! PPD edge length in grid points for each la 
psincspacing              : 0.0 0.0 0.0 *! PSINC grid spacing in atomic units ( 
oldinput                  : F *! Read old-format input file (Boolean)           
develcode                 : *! For development code only (String)               
nnho                      : F *! Initialise NGWFs to nonorthogonal natural hybr 
ngwfhalo                  : -1.000000000000000 *! Halo extension to NGWF radii  
nonscforces               : F *! Include non self-consistent forces due to NGWF 
maxitpalsermano           : 50 *! Maximum number of iterations for Palser-Manol 
maxitpen                  : 3 *! Max number of penalty functional iterations (I 
penparam                  : 6.000000000000000 *! Penalty functional parameter ( 
minitlnv                  : 5 *! Min number of LNV iterations (Integer)         
maxitlnv                  : 5 *! Max number of LNV iterations (Integer)         
maxitlnvcoarse            : 0 *! Max number of low-accuracy LNV iterations (Int 
lnvthresholdorig          : 1.0000000000000001E-009 *! LNV convergence threshol 
lnvcgtype                 : LNV_FLETCHER *! Type of CG coefficient for LNV dens 
lnvcgmaxstep              : 3.000000000000000 *! Maximum length of trial step f 
exactlnv                  : T *! Use original LNV algorithm (Boolean)           
oldlnv                    : F *! Use LNV algorithm backwards compatible pre Dec 
lnvchecktrialsteps        : F *! Check stability of kernel at each trial step d 
kerfix                    : 2 *! Density kernel fixing approach (Integer)       
maxitkernelfix            : 3 *! Maximum # iterations of Penalty Functional ide 
initialdensrealspace      : F *! Construct initial density in real space from a 
kerneldiis                : F *! Use kernel DIIS in the inner loop (Boolean)    
kerneldiistype            : P *! Density mixing method (String)                 
kerneldiismax             : 10 *! Max number of kernels saved during kernel DII 
kerneldiismaxit           : 25 *! Max number of kernel DIIS iterations (Integer 
kerneldiisthres           : 1.0000000000000001E-009 *! Density mixing convergen 
kerneldiisliter           : 5 *! Number of linear mixing iterations (Integer)   
kerneldiiscin             : 0.9000000000000000 *! Coefficient for the input ker 
kerneldiiscriteria        : 1000 *! Density mixing convergence criteria (String 
maxitngwfcg               : 2 *! Max number of NGWF conjugate gradients (CG) it 
ngwfcgtype                : NGWF_FLETCHER *! Type of CG coefficient for NGWF op 
ngwfcgmaxstep             : -8.000000000000000 *! Maximum length of trial step  
eleccgmax                 : 5 *! Number of NGWF iterations to reset CG (Integer 
precondscheme             : TETER *! Recip-space preconditioning scheme (String 
kzero                     : 3.000000000000000 *! KE preconditioning parameter ( 
rprecond                  : 2.000000000000000 *! Radial cut-off for real-space  
precondrecip              : T *! Recip-space KE preconditioning (Boolean)       
precondreal               : F *! Real-space KE preconditioning (Boolean)        
smoothscheme              : NONE *! Smoothing scheme for the NGWF gradients at  
rsmooth                   : 1.500000000000000       bohr *! Radius of the unsha 
ksmooth                   : 5.000000000000000 *! Characteristic wavelength of t 
occmix                    : 0.2500000000000000 *! Mix fraction of occupancy pre 
kernelupdate              : F *! Update density kernel during NGWF line search  
kernelchristoffelupdate   : F *! Update density kernel during NGWF line search  
maxithotelling            : 50 *! Number of Hotelling iteration per NGWF change 
maxresidhotelling         : 9.9999999999999998E-013 *! Max allowed value in Hot 
maxitngwfdiis             : 0 *! Max number of NGWF DIIS steps (Integer)        
ngwfdiissize              : 4 *! Max size of the DIIS iterative subspace (Integ 
ngwfdiisreset             : 8 *! Max number of iteration for the resetting of D 
ngwfdiismaxstep           : 2.000000000000000 *! Max length of trial step for N 
ngwfthresholdorig         : 1.9999999999999999E-006 *! NGWF convergence thresho 
elecenergytol             : -1.0000000000000000E-003  hartree *! Tolerance on t 
elecforcetol              : -1.0000000000000000E-003  ha/bohr *! Tolerance on m 
ngwfmaxgrad               : -2.0000000000000002E-005 *! Maximum permissible val 
deltaeconv                : T *! Use consecutive energy gains as a criterion fo 
locpotintbatchsize        : 10 *! Size of NGWF in fftbox batch for locpot integ 
kineticintbatchsize       : 10 *! Size of NGWF in fftbox batch for kinetic inte 
densitybatchsize          : 10 *! Size of NGWF in fftbox batch for charge densi 
ngwfgradbatchsize         : 10 *! Size of NGWF in fftbox batch for NGWF gradien 
densethreshold            : 0.4000000000000000 *! Threshold for matrix segment  
commsgroupsize            : 4 *! Number of nodes in a group (determines comms e 
ovlpfornonlocal           : F *! Overlap sparsity for nonlocal (Boolean)        
usespacefillingcurve      : T *! Re-arrange atoms according to space-filling cu 
corehamdenskernguess      : T *! Initial guess for density kernel from core Ham 
checkatoms                : T *! Check atoms on top of each other (Boolean)     
locpotscheme              : FULL *! Scheme for evaluating local potential matri 
smoothprojectors          : -0.4000000000000000 *! Halfwidth of Gaussian filter 
smoothlocpspot            : -0.4000000000000000 *! Halfwidth of Gaussian filter 
oddpsincgrid              : F *! Force odd number of points in simcell psinc gr 
evenpsincgrid             : F *! Force even number of points in simcell psinc g 
realspaceprojectors       : F *! Whether to evaluate and store projectors in re 
outputdetail              : NORMAL *! Level of output detail (String)           
pawoutputdetail           : DEFAULT *! Level of output detail for PAW: BRIEF, N 
timingslevel              : 0 *! Level of timings output: 0(none) 1(nodes summa 
writeparams               : T *! Output runtime parameters at startup (Boolean) 
writeforces               : T *! Write ionic forces (Boolean)                   
writepositions            : T *! Write ionic positions each geometry or MD step 
writexyz                  : F *! Output coordinates in .xyz file (Boolean)      
printqc                   : T *! Print Quality Control information (Boolean)    
cubeformat                : F *! Allow .cube format for plot outputs (Boolean)  
dxformat                  : F *! Allow .dx format for plot outputs (Boolean)    
dxformatcoarse            : F *! Output only points on the coarse grid (Boolean 
dxformatdigits            : 7 *! Number of significant digits in .dx output (In 
grdformat                 : T *! Allow .grd format for plot outputs (Boolean)   
writedensityplot          : T *! Write the charge density in plotting format (B 
writengwfplot             : F *! Write NGWFs in plotting format (Boolean)       
writengwfgradplot         : F *! Write NGWF Gradients in plotting format (Boole 
writengwfradial           : F *! Write NGWFs radial distributions (Boolean)     
writengwfgradradial       : F *! Write NGWFs gradients radial distributions (Bo 
writeradialstep           : 5.0000000000000001E-003  bohr *! Define the grid st 
writeradialsmear          : 1.0000000000000000E-002  bohr *! Define the gaussia 
readdenskern              : F *! Read density kernel restart information (Boole 
writedenskern             : F *! Write density kernel restart information (Bool 
readtightboxngwfs         : F *! Read in universal tightbox NGWFs restart infor 
writetightboxngwfs        : F *! Write in universal tightbox NGWFs restart info 
writeconvergeddkngwfs     : F *! Only write Density Kernel and NGWFs upon conve 
readswngwfs               : F *! Read NGWFs restart information in spherical wa 
writeswngwfs              : F *! Write NGWFs restart information in spherical w 
writemaxl                 : 3 *! Maximum angular momentum number when writing i 
readmaxl                  : 3 *! Maximum angular momentum number when reading i 
extransw                  : 0 *! Maximum number of zeros of the sph Bessel func 
paw                       : F *! Uses a PAW construction to find correct core d 
finegridscale             : 2.000000000000000 *! Ratio of size of fine grid to  
dblgridscale              : 2.000000000000000 *! Ratio of charge density / pote 
augfuncsrecip             : T *! Construct Augmentation functions in recip spac 
dispersion                : 0 *! Select dispersion correction (Integer)         
vdwdcoeff                 : -1.000000000000000 *! Replacement VDW damping coeff 
hubbardmaxiter            : 0 *! Maximum number of DFT+U projector optimisation 
hubbardenergytol          : 1.0000000000000000E-008  hartree *! Energy toleranc 
hubbardconvwin            : 2 *! Energy convergence window when using DFT+U pro 
hubbardprojmixing         : 0.000000000000000 *! Proportion of old Hubbard proj 
hubbardfunctional         : 1 *! DFT+U energy functional to use (Integer)       
hubbardtensorcorr         : 1 *! DFT+U projector tensorial correction to use (I 
hubbardngwfspinthreshold  : 2.0000000000000002E-005 *! NGWF RMS  gradient thres 
coulombcutoffradius       : 0.000000000000000 *! Radius of sphere or cylinder f 
coulombcutofflength       : 0.000000000000000 *! Length of cylinder or width of 
coulombcutofftype         : NONE *! Type of cutoff coulomb interaction: NONE, S 
coulombcutoffwriteint     : F *! Write real-space cutoff Coulomb interaction sc 
pbccorrectioncutoff       : 0.000000000000000 *! alpha*L cutoff parameter for M 
doproperties              : F *! Allow calculation of properties (Boolean)      
numeigenvalues            : 10 *! Number of energy and occupancy eigenvalues to 
homodensplot              : -1 *! Number of squared MOs to plot from HOMO and l 
lumodensplot              : -1 *! Number of squared MOs to plot from LUMO and h 
homoplot                  : 5 *! Number of MOs to plot from HOMO and lower (Int 
lumoplot                  : 5 *! Number of MOs to plot from LUMO and higher (In 
dossmear                  : 3.6749324387552883E-003  hartree *! Half width of s 
ldossmear                 : 3.6749324387552883E-003  hartree *! Lorentzian broa 
popncalculate             : F *! Allow population analysis (Boolean)            
popnbondcutoff            : 5.669178403750646       bohr *! Bond length cutoff  
ngwfanalysis              : F *! Perform NGWF analysis (Boolean)                
polarisationcalculate     : F *! Allow calculation of polarisation (Boolean)    
spreadcalculate           : F *! Calculate spread of NGWFs (Boolean)            
geommodulusest            : 1.7000000000000001E-002  ha/bohr**3 *! The estimate 
geomfrequencyest          : 7.6000000000000000E-003  hartree *! The estimated a 
geomenergytol             : 9.9999999999999995E-007  hartree *! Geometry optimi 
geomforcetol              : 2.0000000000000000E-003  ha/bohr *! Geometry optimi 
geomdisptol               : 5.0000000000000001E-003  bohr *! Geometry optimizat 
geommaxiter               : 50 *! Maximum number of geometry optimization itera 
geomconvergencewin        : 2 *! Geometry optimization convergence tolerance wi 
geomcontinuation          : F *! Read information for continuation of a previou 
geombackupiter            : 1 *! Number of geometry optimisation iterations bet 
geomresetdkngwfsiter      : 6 *! Number of geom iterations between resets of ke 
geomreusedkngwfs          : T *! Re-use density kernel and NGWFs during geometr 
geomprintinvhessian       : F *! Write inverse Hessian to standard output (Bool 
geommethod                : CARTESIAN *! Method for geometry optimization (Stri 
tssearchmethod            : LSTQST *! Specifies method to be used for TS search 
tssearchlstqstprotocol    : LSTMAXIMUM *! Specifies LSTQST protocol (String)    
tssearchqstmaxiter        : 5 *! Specifies maximum number of QST steps (Integer 
tssearchcgmaxiter         : 20 *! Specifies maximum number of CG steps (Integer 
tssearchforcetol          : 5.0000000000000001E-003  ha/bohr *! Force tolerance 
tssearchdisptol           : 1.0000000000000000E-002  bohr *! Displacement toler 
mddeltat                  : 40.00000000000000       aut *! Molecular dynamics t 
mdnumiter                 : 100 *! Maximum number of molecular dynamics iterati 
mdtemperature             : 9.5000000000000000E-004  hartree *! Temperature for 
mdalgorithm               : LEAPFROGVERLET *! Integration algorithm for molecul 
mdthermostat              : NONE *! Thermostat for molecular dynamics (String)  
mdcollisionfrequency      : 0.1520000000000000       hartree *! Collision frequ 
mixdenskern               : 0 *! Number of coefficients used to build new guess 
mixngwfs                  : 0 *! Number of coefficients used to build new guess 
condreaddenskern          : F *! Read in conduction density kernel (Boolean)    
condreadtightboxngwfs     : F *! Read in universal tightbox conduction NGWFs (B 
condfixedshift            : F *! Fixed projected conduction Hamiltonian shift ( 
condcalcmaxeigen          : T *! Calculate maximum conduction Hamiltonian eigen 
condnumstates             : 0 *! Number of conduction states to be optimised fo 
condkernelcutoff          : 1000.000000000000 *! Conduction density kernel radi 
condinitshift             : 0.000000000000000 *! Initial shifting factor for pr 
condshiftbuffer           : 0.1000000000000000 *! Additional buffer for updatin 
condnumextrastates        : 0 *! Number of extra conduction states for initial  
condnumextraits           : 0 *! Number of NGWF iterations with extra conductio 
condplotjointorbitals     : T *! Plot orbitals in the joint basis following a c 
condplotvcorbitals        : T *! Plot orbitals in the val and cond NGWF basis s 
condcalcopticalspectra    : F *! Calculate matrix elements for optical absorpti 
condspeccalcmommatels     : T *! Calculate momentum matrix elements (default tr 
condspeccalcnonloccomm    : T *! Calculate nonlocal commutator for momentum mat 
condspeccontderiv         : T *! Calculate non-local commuator using continuous 
condspecnonloccommshift   : 1.0000000000000000E-004 *! Finite difference shift  
bskpointpathspacing       : 0.1889727000000000       1/bohr *! K-point spacing  
bsnumeigenvalues          : -1 *! Num of energy and occ. eigenvalues to print b 
bsunfold                  : 0 0 0 *! Number of times to unfold Brillouin zone i 
bsmethod                  : TB *! Method to use: 'KP' or 'TB' (String)          
dotddft                   : F *! Allow Time-Dependent DFT calculation (Boolean) 
tddftmaximumenergy        : 1.000000000000000       hartree *! Desired maximum  
tddftresolution           : 1.0000000000000000E-003  hartree *! Desired resolut 
tddftpropagationmethod    : CRANKNICHOLSON *! Method used to integrate von Neum 
tddftsparsitylevel        : 0 *! Matrix sparsity when computing propagators e.g 
tddfttammdancoff          : F *! Invoke Tamm-Dancoff decoupling approximation ( 
tddftdipolekickstrength   : 0.0 0.0 0.0 *! Maximum allowed phase shift in TDDFT 
tddftxcfunctional         : LDA *! Exchange-correlation functional for TDDFT (S 
tddfthamiltonianmixing    : 0 *! Order of polynomial extrapolation to H(t + hal 
tddftdamping              : 0.000000000000000       hartree *! Energy smearing  
tddftenforcedidempotency  : F *! Project out at each timestep that part of chan 
tddftmaxithotelling       : 50 *! Number of Hotelling iteration per propagation 
tddftmaxresidhotelling    : 1.0000000000000001E-018 *! Max allowed value in Hot 
tddftinvoverlapexact      : T *! Renew inverse overlap with O N^3 algorithm bef 
isimplicitsolvent         : F *! Use implicit solvent? (Boolean)                
issmearedionrep           : F *! Implicit solvent: use smeared ions for electro 
isincludecavitation       : F *! Implicit solvent: include cavitation energy (B 
isdensitythreshold        : 7.7999999999999999E-004 *! Implicit solvent: rho_0  
issolvationbeta           : 1.300000000000000 *! Implicit solvent: beta paramet 
isbulkpermittivity        : 1.000000000000000 *! Implicit solvent: eps_inf para 
ismultigriddefecterrortol : 1.0000000000000000E-002 *! Implicit solvent: stop c 
ismultigriderrortol       : 1.0000000000000001E-005 *! Implicit solvent: stop c 
issmearedionwidth         : 0.8000000000000000 *! Implicit solvent: Width of Ga 
issurfacethickness        : 2.0000000000000001E-004 *! Implicit solvent: thickn 
issolventsurfacetension   : 4.7623999999999997E-005  ha/bohr**2 *! Implicit sol 
ismultigridmaxiters       : 100 *! Implicit solvent: max number of iterations i 
ismultigridnlevels        : 4 *! Implicit solvent: number of levels in multigri 
isdiscretizationorder     : 8 *! Implicit solvent: discretization order (2nd, 4 
isbccoarseness            : 5 *! Implicit solvent: controls boundary condition  
isbcsurfacecoarseness     : 1 *! Implicit solvent: controls boundary condition  
ischecksolvenergygrad     : F *! Implicit solvent: sanity check the energy grad 
issolvationmethod         : DIRECT *! Implicit solvent: direct or corrective me 
isdielectricmodel         : FIX_INITIAL *! Implicit solvent: how the cavity is  
isdielectricfunction      : FGF *! Implicit solvent: how the cavity is determin 
issolvationoutputdetail   : NONE *! Implicit solvent: controls extra output (St 
openbcionion              : F *! Force open BCs in ion-ion energy (Boolean)     
openbchartree             : F *! Force open BCs in Hartree potential (Boolean)  
openbcpspot               : F *! Force open BCs in local pseudopotential (Boole 
openbcpspotfinetunenptsx  : 100000 *! Open BCs in local pseudo, npts_x paramete 
openbcpspotfinetunealpha  : 0.3000000000000000 *! Open BCs in local pseudo, alp 
openbcpspotfinetunef      : -1 *! Open BCs in local pseudo, fineness parameter  
%block positionsabs       : *! Cartesian positions for each atom (Block)        
Ang                                                                             
Fe1  6.546149	5.698683   5.613481                                               
C1   4.317344	5.190539   5.214890                                               
O1   5.371306	4.329598   5.149560                                               
O1   4.840265	6.389633   5.603814                                               
O1   3.161252	4.956243   4.982952                                               
%endblock positionsabs    : *! Cartesian positions for each atom (Block)        
%block latticecart        : *! The simulation cell lattice vectors (Block)      
Ang                                                                             
21.167    0.000    0.000                                                        
0.000   21.167    0.000                                                         
0.000    0.000   21.167                                                         
%endblock latticecart     : *! The simulation cell lattice vectors (Block)      
%block species            : *! Species information (symbol, atomic number, numb 
ANG                                                                             
Fe1    Fe  26  9  5.0                                                           
C1      C   6  4  5.0                                                           
O1      O   8  4  5.0                                                           
%endblock species         : *! Species information (symbol, atomic number, numb 
%block speciespot         : *! Pseudopotential name for each species (Block)    
Fe1   "../../pseudo/iron.recpot"                                                
C1    "../../pseudo/carbon.recpot"                                              
O1    "../../pseudo/oxygen.recpot"                                              
%endblock speciespot      : *! Pseudopotential name for each species (Block)    
%block hubbard            : *! Hubbard species info (symb., ang. mom., U parame 
Fe1 2 6.0 11.18 0.0 0.0                                                         
%endblock hubbard         : *! Hubbard species info (symb., ang. mom., U parame 
-------------------------------------------------------------------------------
-------------------------------------------------------------------------------

WARNING in pseudopotentials_read_species: string "GGA" found in pseudopotential
file "../../pseudo/iron.recpot", yet xc_functional = "LDA".

WARNING in pseudopotentials_read_species: string "GGA" found in pseudopotential
file "../../pseudo/carbon.recpot", yet xc_functional = "LDA".

<<<<<<<<<<<<<<<<<<<<<<<<< Pseudopotential information >>>>>>>>>>>>>>>>>>>>>>>>>
File: ../../pseudo/iron.recpot [ 2001 points up to Gmax=  52.9 (1/bohr)]
  Atomic number: 26;  ionic charge:  8.000000
    Shell 1: l = 1; rc = 2.02 bohr
    Shell 2: l = 2; rc = 1.90 bohr
  Core charge supplied for Nonlinear Core Corrections
File: ../../pseudo/carbon.recpot [ 2001 points up to Gmax=  52.9 (1/bohr)]
  Atomic number:  6;  ionic charge:  4.000000
    Shell 1: l = 0; rc = 1.48 bohr
File: ../../pseudo/oxygen.recpot [ 2001 points up to Gmax=  52.9 (1/bohr)]
  Atomic number:  8;  ionic charge:  6.000000
    Shell 1: l = 0; rc = 1.31 bohr
<<<<<<<<<<<<<<<<<<<<<<<<<<<<<<<<<<<<<<< >>>>>>>>>>>>>>>>>>>>>>>>>>>>>>>>>>>>>>>

------------------------- Atom counting information ---------------------------
Symbol    Natoms    Nngwfs    Nprojs
  Fe         1         9         8
  C          1         4         1
  O          3        12         3
.......   ......    ......    ......
Totals:      5        25        12
-------------------------------------------------------------------------------

Determining parallel strategy ...... done

Calculating Ewald energy ...           64.762581 Hartree

Basis initialisation ...... done

============================== PSINC grid sizes ================================
                      Simulation cell:   63 x  63 x  63
                              FFT-box:   63 x  63 x  63
                                  PPD:    7 x   7 x   7
================================================================================

********************** Fourier parallelisation information *********************
       Coarse grid (whole simulation cell) dimensions:     63    63    63
          Real-space ('12') slabs/node (min max mean):     15    16    15
         Recip-space ('23') slabs/node (min max mean):      8     8     8
********************************************************************************

********************** Fourier parallelisation information *********************
       Double grid (whole simulation cell) dimensions:    126   126   126
          Real-space ('12') slabs/node (min max mean):     31    32    31
         Recip-space ('23') slabs/node (min max mean):     16    16    16
********************************************************************************

=========================== Sparse matrix information ==========================
                        Overlap matrix filling: 100.00%
                        Density kernel filling: 100.00%
              NGWF-Proj overlap matrix filling: 100.00%
      NGWF-Hubbard Proj overlap matrix filling: 100.00%
                             VW matrix filling: 100.00% 
                    Hamiltonian matrix filling: 100.00%
                  NGWF diagonal matrix filling:  23.20%
                             KS matrix filling: 100.00% 
                           KSKS matrix filling: 100.00% 
================================================================================

Sparse matrix initialisation ... done
NGWF initialisation ...... done

Up spin density kernel initialisation ...... done
Down spin density kernel initialisation ...... done
................................................................................
<<<<<<<<<<<<<<<< Penalty functional density kernel optimisation >>>>>>>>>>>>>>>>
~~~~~~~~~~~~~~~~~~~~~~~~~~~~~~~~~~~~~~~~~~~~~~~~~~~~~~~~~~~~~~~~~~~~~~~~~~~~~~~~
iter|       energy      |   rms grad  |  commutator |LScoef|CGcoef|      Ne    |
 1    -68.35821647523575 0.47773840804 0.41763698747 0.0482  0.000   30.00000000
 2    -73.66216407490261 0.13117054498 0.23168614397 0.0719  0.106   30.00000000
 3    -74.06595968622416 0.09535941059 0.19703420090 0.1468  0.560   30.00000000

======================== Penalty functional minimisation =======================
   Final total energy     :     -74.699528627580
   Final penalty energy   :       2.137991591554
   RMS occupancy error    :       0.119387
   Occupancy bounds spin 1: [-0.072, 1.194]
   Occupancy bounds spin 2: [-0.074, 1.189]
================================================================================

Finished density kernel iterations (   3)

################################################################################
########################### NGWF CG iteration  001 #############################
################################################################################
****** Reciprocal space K.E. preconditioning with k_zero =  3.0000 a0^-1 *******
................................................................................
<<<<<<<<<<<<<< LNV (Original version) density kernel optimisation >>>>>>>>>>>>>>
~~~~~~~~~~~~~~~~~~~~~~~~~~~~~~~~~~~~~~~~~~~~~~~~~~~~~~~~~~~~~~~~~~~~~~~~~~~~~~~~
iter|       energy      |  rms DeltaK |  commutator |LScoef|CGcoef|      Ne    |
 1    -70.09616072468881 0.00000000000 0.31338557382 0.1000  0.000   30.00000000
 2    -70.81298314970169 0.08814973257 0.25254162543 0.1000  1.103   30.00000000
 3    -72.16567711832583 0.20391679877 0.13583299211 0.1000  0.907   30.00000000
 4    -73.26180022534950 0.30149187327 0.10920800984 0.1000  0.493   30.00000000
 5    -73.67371190178450 0.22521131960 0.12633976754 0.0000  0.000   30.00000000
Finished density kernel iterations (   5)

------------------------------- NGWF line search -------------------------------
RMS gradient                =       0.00856379870570
Trial step length           =               0.122474
Gradient along search dir.  =        -25.31136767800
Functional at step 0        =     -73.67371190178450
Functional at step 1        =     -75.35225041421579
Functional predicted        =     -75.36387408557562
Selected quadratic step     =               0.133550
Conjugate gradients coeff.  =               0.000000
--------------------------- NGWF line search finished --------------------------
                                               

################################################################################
########################### NGWF CG iteration  002 #############################
################################################################################
****** Reciprocal space K.E. preconditioning with k_zero =  3.0000 a0^-1 *******
................................................................................
<<<<<<<<<<<<<< LNV (Original version) density kernel optimisation >>>>>>>>>>>>>>
~~~~~~~~~~~~~~~~~~~~~~~~~~~~~~~~~~~~~~~~~~~~~~~~~~~~~~~~~~~~~~~~~~~~~~~~~~~~~~~~
iter|       energy      |  rms DeltaK |  commutator |LScoef|CGcoef|      Ne    |
 1    -75.35983247588706 0.00000000000 0.11881782682 0.1000  0.000   30.00000000
 2    -75.48464407653429 0.04349163547 0.10792769642 0.1000  0.714   30.00000000
 3    -75.63777079334949 0.06818706690 0.09441488998 0.3034  0.598   30.00000000
 4    -75.86802047834274 0.21167567789 0.08389879067 0.2210  0.690   30.00000000
 5    -75.96225377804198 0.13678780401 0.08745465601 0.0000  0.000   30.00000000
Finished density kernel iterations (   5)

================================================================================
           ---------------- ENERGY COMPONENTS (Eh) ----------------
           | Kinetic                    :       48.86265437955835 |
           | Pseudopotential (local)    :     -272.34712891740140 |
           | Pseudopotential (non-local):      -16.58311930105865 |
           | Hartree                    :      123.08718736059680 |
           | Exchange-correlation       :      -23.91369974105605 |
           | Hubbard DFT+U correction   :        0.16927103669220 |
           | Ewald                      :       64.76258140462674 |
           | Total                      :      -75.96225377804194 |
           --------------------------------------------------------
           Integrated density           :       29.99999999998596
           Integrated spin density      :        1.99999999999958
           Integrated |spin density|    :        2.04153287070832
================================================================================


------------------------------- NGWF line search -------------------------------
RMS gradient                =       0.01068679305155
Trial step length           =               0.127892
Gradient along search dir.  =        -40.85378491638
Functional at step 0        =     -75.96225377804198
Functional at step 1        =     -78.41310756636280
Functional predicted        =     -78.42252003070644
Selected quadratic step     =               0.120443
Conjugate gradients coeff.  =               1.557263
--------------------------- NGWF line search finished --------------------------
                                               
WARNING: maximum number of NGWF CG iterations (   2) exceeded!

                    <<<<< CALCULATION SUMMARY >>>>>
|ITER|    RMS GRADIENT   |     TOTAL ENERGY    |   step   |     Epredicted      
   1     0.00856379870570    -73.67371190178450   0.133550    -75.36387408557562
   2     0.01068679305155    -75.96225377804198  <-- CG                         
 
<QC>        [NGWF iterations]:        2
<QC>           [total_energy]:      -75.96225378
<QC>                     [F0]:      -75.96225378
<QC>                     [F1]:      -78.41310757
<QC>                     [F2]:        0.00000000
<QC>   [predicted_functional]:      -78.42252003
<QC>           [rms_gradient]:        0.010686793052
<QC>                 [G_init]:      -40.853784916383
<QC>        [quadratic_coeff]:        0.120443
<QC>            [cubic_coeff]:        0.000000
<QC>               [cg_coeff]:        1.557263
<QC>           [trial_length]:        0.127892

################################################################################
DFT+U information on atom      1 of Hubbard species Fe1 
################################################################################
Occupancy matrix of Hubbard site      1 and spin      1 is 
  0.49123358 -0.06041518 -0.07779905 -0.07995145  0.23766811
 -0.06041518  0.86217519  0.00723490 -0.01600118  0.04001318
 -0.07779905  0.00723490  0.74052990 -0.00251485  0.18279687
 -0.07995145 -0.01600118 -0.00251485  0.86206728  0.03685926
  0.23766811  0.04001318  0.18279687  0.03685926  0.47931543
################################################################################
Occupancy matrix of Hubbard site      1 and spin      2 is 
  0.42998273 -0.06168554  0.03255231  0.05069302  0.22838887
 -0.06168554  0.40339272 -0.28977605  0.15924213 -0.13819460
  0.03255231 -0.28977605  0.32471494 -0.14552002  0.07896364
  0.05069302  0.15924213 -0.14552002  0.49613543  0.11532075
  0.22838887 -0.13819460  0.07896364  0.11532075  0.40704097
################################################################################
Total occupancy of Hubbard site      1 is         5.49658817 e
Local magnetic moment of Hubbard site      1 is   1.37405458 mu_B
DFT+U energy of Hubbard site      1 is            0.15983265 Ha
################################################################################


********************* Unconstrained **********************
************************* Forces *************************
*                                                        *
* Element  Atom         Cartesian components (Eh/a)      *
* ------------------------------------------------------ *
*                       x            y            z      *
*                                                        *
*    Fe      1     -3.64268941  -3.68430225  -0.69754296 *
*    C       2      1.09928396   0.94334807   0.21443017 *
*    O       3      1.11829518   0.70718599   0.16547972 *
*    O       4      0.97224204   1.21630637   0.23900082 *
*    O       5      0.45286822   0.81746182   0.07863225 *
*                                                        *
**********************************************************
* TOTAL:            0.00000000   0.00000000   0.00000000 *
**********************************************************
 <QC>    [total_force(1,1)]:       -3.642689408910
 <QC>    [total_force(1,2)]:        1.099283962412
 <QC>    [total_force(1,3)]:        1.118295180298
 <QC>    [total_force(1,4)]:        0.972242044882
 <QC>    [total_force(1,5)]:        0.452868221319
 <QC>    [total_force(2,1)]:       -3.684302248794
 <QC>    [total_force(2,2)]:        0.943348065730
 <QC>    [total_force(2,3)]:        0.707185991770
 <QC>    [total_force(2,4)]:        1.216306367658
 <QC>    [total_force(2,5)]:        0.817461823635
 <QC>    [total_force(3,1)]:       -0.697542960889
 <QC>    [total_force(3,2)]:        0.214430173856
 <QC>    [total_force(3,3)]:        0.165479718238
 <QC>    [total_force(3,4)]:        0.239000815586
 <QC>    [total_force(3,5)]:        0.078632253210

------------------------------ TIMING INFORMATION ------------------------------
TOTAL TIME:     182.996s on     4 node(s)

Job completed: 27-05-2011 23:48 (+0100)

Application 646031 resources: utime ~719s, stime ~14s
